#1

root@Linux:/home/ilyaa# mkfs.ext4 /dev/sd
sda   sda1  sda2  sda3  sdb   
root@Linux:/home/ilyaa# mkfs.ext4 /dev/sdb
mke2fs 1.46.5 (30-Dec-2021)
Creating filesystem with 524288 4k blocks and 131072 inodes
Filesystem UUID: df963f3c-c536-489b-8d80-57adb3b12d12
Superblock backups stored on blocks: 
	32768, 98304, 163840, 229376, 294912
Allocating group tables: done                            
Writing inode tables: done                            
Creating journal (16384 blocks): done
Writing superblocks and filesystem accounting information: done 

root@Linux:/# mkdir /mnt/home
root@Linux:/# mount /dev/sdb /mnt/home
root@Linux:/# rsync -a /home/ /mnt/home/
root@Linux:/# mount -a
root@Linux:/# cd /mnt/home/
root@Linux:/mnt/home# ls
ilya  ilyaa  new_admin_user  new_admin_userwin
root@Linux:/mnt/home#


#2
root@Linux:~# mkdir -p /var/home/user
root@Linux:~# sudo cp -rT /etc/skel /var/home/user
root@Linux:~# useradd -d /var/home/user user_with_group
root@Linux:~# chown -R user_with_group:user_with_group /var/home/user
root@Linux:~# cat /etc/passwd | grep user_with_group

user_with_group:x:1004:1004::/var/home/user:/bin/sh

#3
root@Linux:~# groupadd priv_group
root@Linux:~# usermod -a -G priv_group user_with_group
root@Linux:~# cat /etc/gr
groff/  group   group-  grub.d/ 
root@Linux:~# cat /etc/group | grep priv_group

priv_group:x:1005:user_with_group

#4
root@Linux:/var# mkdir newdir
root@Linux:/var# chown :priv_group /var/newdir
root@Linux:/var# ls -l

total 56
drwxr-xr-x  2 root root       4096 июл  6 00:00 backups
drwxr-xr-x 18 root root       4096 июл  5 23:50 cache
drwxrwsrwt  2 root whoopsie   4096 фев 23 06:59 crash
drwxr-xr-x  3 root root       4096 июл 10 20:52 home
drwxr-xr-x 69 root root       4096 июн 28 23:23 lib
drwxrwsr-x  2 root staff      4096 апр 18  2022 local
lrwxrwxrwx  1 root root          9 июн 28 22:55 lock -> /run/lock
drwxrwxr-x 13 root syslog     4096 июл 10 20:32 log
drwxrwsr-x  2 root mail       4096 фев 23 06:57 mail
drwxrwsrwt  2 root whoopsie   4096 фев 23 06:59 metrics
drwxr-xr-x  2 root priv_group 4096 июл 10 21:01 newdir
drwxr-xr-x  2 root root       4096 фев 23 06:57 opt
lrwxrwxrwx  1 root root          4 июн 28 22:55 run -> /run
drwxr-xr-x 12 root root       4096 июл  5 23:51 snap
drwxr-xr-x  7 root root       4096 фев 23 06:58 spool
drwxrwxrwt 11 root root       4096 июл 10 20:38 tmp

#5
root@Linux:/var# usermod -a -G sudo user_with_group
root@Linux:/var# sudo apt-get install chrony
root@Linux:/var# su user_with_group
$ sudo systemctl restart chronyd
$ 


#6
Нашел такую инфу про iostat

iostat собирает все эти данные ЦП и устройств ввода-вывода из следующих каталогов:

/proc/stat: содержит подробную системную статистику.
/proc/uptime: время безотказной работы системы извлекается отсюда.
/proc/diskstats: отсюда берется статистика по дискам
/sys: содержит статистику по блочным устройствам (устройства фиксированного размера, такие как жесткий диск).
/proc/self/mountstats: содержит данные для сетевых файловых систем.
/dev/disk: отсюда извлекаются постоянные имена устройств, подключенных к системе.

считаю что iostat -x достаточно для оценки нагрузки на диски, это хватает что бы оценить реальную нагрузку

